[2024-08-10T21:46:53.270+0300][gc,init] CardTable entry size: 512
[2024-08-10T21:46:53.271+0300][gc     ] Using G1
[2024-08-10T21:46:53.280+0300][gc,init] Version: 21.0.2+13-LTS (release)
[2024-08-10T21:46:53.280+0300][gc,init] CPUs: 12 total, 12 available
[2024-08-10T21:46:53.280+0300][gc,init] Memory: 16076M
[2024-08-10T21:46:53.280+0300][gc,init] Large Page Support: Disabled
[2024-08-10T21:46:53.280+0300][gc,init] NUMA Support: Disabled
[2024-08-10T21:46:53.280+0300][gc,init] Compressed Oops: Enabled (32-bit)
[2024-08-10T21:46:53.280+0300][gc,init] Heap Region Size: 1M
[2024-08-10T21:46:53.280+0300][gc,init] Heap Min Capacity: 512M
[2024-08-10T21:46:53.281+0300][gc,init] Heap Initial Capacity: 512M
[2024-08-10T21:46:53.281+0300][gc,init] Heap Max Capacity: 512M
[2024-08-10T21:46:53.281+0300][gc,init] Pre-touch: Disabled
[2024-08-10T21:46:53.281+0300][gc,init] Parallel Workers: 10
[2024-08-10T21:46:53.281+0300][gc,init] Concurrent Workers: 3
[2024-08-10T21:46:53.281+0300][gc,init] Concurrent Refinement Workers: 10
[2024-08-10T21:46:53.281+0300][gc,init] Periodic GC: Disabled
[2024-08-10T21:46:53.306+0300][gc,metaspace] CDS archive(s) mapped at: [0x00000261da000000-0x00000261dacf0000-0x00000261dacf0000), size 13565952, SharedBaseAddress: 0x00000261da000000, ArchiveRelocationMode: 1.
[2024-08-10T21:46:53.306+0300][gc,metaspace] Compressed class space mapped at: 0x00000261db000000-0x000002621b000000, reserved size: 1073741824
[2024-08-10T21:46:53.306+0300][gc,metaspace] Narrow klass base: 0x00000261da000000, Narrow klass shift: 0, Narrow klass range: 0x100000000
[2024-08-10T21:46:55.782+0300][gc,start    ] GC(0) Pause Young (Normal) (G1 Evacuation Pause)
[2024-08-10T21:46:55.785+0300][gc,task     ] GC(0) Using 10 workers of 10 for evacuation
[2024-08-10T21:46:55.797+0300][gc,phases   ] GC(0)   Pre Evacuate Collection Set: 0.2ms
[2024-08-10T21:46:55.797+0300][gc,phases   ] GC(0)   Merge Heap Roots: 0.5ms
[2024-08-10T21:46:55.797+0300][gc,phases   ] GC(0)   Evacuate Collection Set: 9.5ms
[2024-08-10T21:46:55.797+0300][gc,phases   ] GC(0)   Post Evacuate Collection Set: 1.7ms
[2024-08-10T21:46:55.798+0300][gc,phases   ] GC(0)   Other: 1.5ms
[2024-08-10T21:46:55.798+0300][gc,heap     ] GC(0) Eden regions: 25->0(21)
[2024-08-10T21:46:55.798+0300][gc,heap     ] GC(0) Survivor regions: 0->4(4)
[2024-08-10T21:46:55.798+0300][gc,heap     ] GC(0) Old regions: 0->6
[2024-08-10T21:46:55.798+0300][gc,heap     ] GC(0) Humongous regions: 0->0
[2024-08-10T21:46:55.798+0300][gc,metaspace] GC(0) Metaspace: 8299K(8512K)->8299K(8512K) NonClass: 7434K(7552K)->7434K(7552K) Class: 864K(960K)->864K(960K)
[2024-08-10T21:46:55.798+0300][gc          ] GC(0) Pause Young (Normal) (G1 Evacuation Pause) 25M->9M(512M) 16.081ms
[2024-08-10T21:46:55.798+0300][gc,cpu      ] GC(0) User=0.00s Sys=0.00s Real=0.02s
[2024-08-10T21:46:55.799+0300][gc,heap,exit] Heap
[2024-08-10T21:46:55.799+0300][gc,heap,exit]  garbage-first heap   total 524288K, used 9716K [0x00000000e0000000, 0x0000000100000000)
[2024-08-10T21:46:55.799+0300][gc,heap,exit]   region size 1024K, 5 young (5120K), 4 survivors (4096K)
[2024-08-10T21:46:55.799+0300][gc,heap,exit]  Metaspace       used 8301K, committed 8512K, reserved 1114112K
[2024-08-10T21:46:55.799+0300][gc,heap,exit]   class space    used 864K, committed 960K, reserved 1048576K
