[2024-08-05T17:23:41.243+0300][gc,init] CardTable entry size: 512
[2024-08-05T17:23:41.244+0300][gc     ] Using G1
[2024-08-05T17:23:41.247+0300][gc,init] Version: 22.0.1+8-16 (release)
[2024-08-05T17:23:41.247+0300][gc,init] CPUs: 12 total, 12 available
[2024-08-05T17:23:41.247+0300][gc,init] Memory: 16076M
[2024-08-05T17:23:41.247+0300][gc,init] Large Page Support: Disabled
[2024-08-05T17:23:41.247+0300][gc,init] NUMA Support: Disabled
[2024-08-05T17:23:41.247+0300][gc,init] Compressed Oops: Enabled (32-bit)
[2024-08-05T17:23:41.247+0300][gc,init] Heap Region Size: 1M
[2024-08-05T17:23:41.247+0300][gc,init] Heap Min Capacity: 512M
[2024-08-05T17:23:41.247+0300][gc,init] Heap Initial Capacity: 512M
[2024-08-05T17:23:41.247+0300][gc,init] Heap Max Capacity: 512M
[2024-08-05T17:23:41.247+0300][gc,init] Pre-touch: Disabled
[2024-08-05T17:23:41.248+0300][gc,init] Parallel Workers: 10
[2024-08-05T17:23:41.248+0300][gc,init] Concurrent Workers: 3
[2024-08-05T17:23:41.248+0300][gc,init] Concurrent Refinement Workers: 10
[2024-08-05T17:23:41.248+0300][gc,init] Periodic GC: Disabled
[2024-08-05T17:23:41.266+0300][gc,metaspace] CDS archive(s) mapped at: [0x000001f4ca000000-0x000001f4cac60000-0x000001f4cac60000), size 12976128, SharedBaseAddress: 0x000001f4ca000000, ArchiveRelocationMode: 1.
[2024-08-05T17:23:41.266+0300][gc,metaspace] Compressed class space mapped at: 0x000001f4cb000000-0x000001f50b000000, reserved size: 1073741824
[2024-08-05T17:23:41.266+0300][gc,metaspace] Narrow klass base: 0x000001f4ca000000, Narrow klass shift: 0, Narrow klass range: 0x41000000
[2024-08-05T17:23:42.423+0300][gc,start    ] GC(0) Pause Young (Normal) (G1 Evacuation Pause)
[2024-08-05T17:23:42.425+0300][gc,task     ] GC(0) Using 10 workers of 10 for evacuation
[2024-08-05T17:23:42.434+0300][gc,phases   ] GC(0)   Pre Evacuate Collection Set: 0.16ms
[2024-08-05T17:23:42.434+0300][gc,phases   ] GC(0)   Merge Heap Roots: 0.07ms
[2024-08-05T17:23:42.434+0300][gc,phases   ] GC(0)   Evacuate Collection Set: 5.68ms
[2024-08-05T17:23:42.434+0300][gc,phases   ] GC(0)   Post Evacuate Collection Set: 1.63ms
[2024-08-05T17:23:42.434+0300][gc,phases   ] GC(0)   Other: 0.99ms
[2024-08-05T17:23:42.434+0300][gc,heap     ] GC(0) Eden regions: 25->0(21)
[2024-08-05T17:23:42.434+0300][gc,heap     ] GC(0) Survivor regions: 0->4(4)
[2024-08-05T17:23:42.434+0300][gc,heap     ] GC(0) Old regions: 0->5
[2024-08-05T17:23:42.434+0300][gc,heap     ] GC(0) Humongous regions: 0->0
[2024-08-05T17:23:42.434+0300][gc,metaspace] GC(0) Metaspace: 7789K(8000K)->7789K(8000K) NonClass: 6937K(7040K)->6937K(7040K) Class: 851K(960K)->851K(960K)
[2024-08-05T17:23:42.434+0300][gc          ] GC(0) Pause Young (Normal) (G1 Evacuation Pause) 25M->8M(512M) 11.206ms
[2024-08-05T17:23:42.434+0300][gc,cpu      ] GC(0) User=0.00s Sys=0.00s Real=0.01s
[2024-08-05T17:23:42.440+0300][gc,heap,exit] Heap
[2024-08-05T17:23:42.440+0300][gc,heap,exit]  garbage-first heap   total reserved 524288K, committed 524288K, used 9965K [0x00000000e0000000, 0x0000000100000000)
[2024-08-05T17:23:42.440+0300][gc,heap,exit]   region size 1024K, 5 young (5120K), 4 survivors (4096K)
[2024-08-05T17:23:42.440+0300][gc,heap,exit]  Metaspace       used 7802K, committed 8000K, reserved 1114112K
[2024-08-05T17:23:42.440+0300][gc,heap,exit]   class space    used 854K, committed 960K, reserved 1048576K
