[2024-08-05T18:03:48.678+0300][gc,init] CardTable entry size: 512
[2024-08-05T18:03:48.679+0300][gc     ] Using G1
[2024-08-05T18:03:48.682+0300][gc,init] Version: 22.0.1+8-16 (release)
[2024-08-05T18:03:48.682+0300][gc,init] CPUs: 12 total, 12 available
[2024-08-05T18:03:48.683+0300][gc,init] Memory: 16076M
[2024-08-05T18:03:48.683+0300][gc,init] Large Page Support: Disabled
[2024-08-05T18:03:48.683+0300][gc,init] NUMA Support: Disabled
[2024-08-05T18:03:48.683+0300][gc,init] Compressed Oops: Enabled (32-bit)
[2024-08-05T18:03:48.683+0300][gc,init] Heap Region Size: 1M
[2024-08-05T18:03:48.683+0300][gc,init] Heap Min Capacity: 512M
[2024-08-05T18:03:48.684+0300][gc,init] Heap Initial Capacity: 512M
[2024-08-05T18:03:48.684+0300][gc,init] Heap Max Capacity: 512M
[2024-08-05T18:03:48.684+0300][gc,init] Pre-touch: Disabled
[2024-08-05T18:03:48.684+0300][gc,init] Parallel Workers: 10
[2024-08-05T18:03:48.684+0300][gc,init] Concurrent Workers: 3
[2024-08-05T18:03:48.684+0300][gc,init] Concurrent Refinement Workers: 10
[2024-08-05T18:03:48.684+0300][gc,init] Periodic GC: Disabled
[2024-08-05T18:03:48.701+0300][gc,metaspace] CDS archive(s) mapped at: [0x0000028b80000000-0x0000028b80c60000-0x0000028b80c60000), size 12976128, SharedBaseAddress: 0x0000028b80000000, ArchiveRelocationMode: 1.
[2024-08-05T18:03:48.701+0300][gc,metaspace] Compressed class space mapped at: 0x0000028b81000000-0x0000028bc1000000, reserved size: 1073741824
[2024-08-05T18:03:48.701+0300][gc,metaspace] Narrow klass base: 0x0000028b80000000, Narrow klass shift: 0, Narrow klass range: 0x41000000
[2024-08-05T18:03:49.344+0300][gc,heap,exit] Heap
[2024-08-05T18:03:49.345+0300][gc,heap,exit]  garbage-first heap   total reserved 524288K, committed 524288K, used 20992K [0x00000000e0000000, 0x0000000100000000)
[2024-08-05T18:03:49.345+0300][gc,heap,exit]   region size 1024K, 21 young (21504K), 0 survivors (0K)
[2024-08-05T18:03:49.345+0300][gc,heap,exit]  Metaspace       used 6399K, committed 6656K, reserved 1114112K
[2024-08-05T18:03:49.345+0300][gc,heap,exit]   class space    used 692K, committed 832K, reserved 1048576K
