[2024-08-05T17:24:16.687+0300][gc,init] CardTable entry size: 512
[2024-08-05T17:24:16.687+0300][gc     ] Using G1
[2024-08-05T17:24:16.691+0300][gc,init] Version: 22.0.1+8-16 (release)
[2024-08-05T17:24:16.691+0300][gc,init] CPUs: 12 total, 12 available
[2024-08-05T17:24:16.691+0300][gc,init] Memory: 16076M
[2024-08-05T17:24:16.691+0300][gc,init] Large Page Support: Disabled
[2024-08-05T17:24:16.691+0300][gc,init] NUMA Support: Disabled
[2024-08-05T17:24:16.691+0300][gc,init] Compressed Oops: Enabled (32-bit)
[2024-08-05T17:24:16.691+0300][gc,init] Heap Region Size: 1M
[2024-08-05T17:24:16.691+0300][gc,init] Heap Min Capacity: 512M
[2024-08-05T17:24:16.691+0300][gc,init] Heap Initial Capacity: 512M
[2024-08-05T17:24:16.691+0300][gc,init] Heap Max Capacity: 512M
[2024-08-05T17:24:16.691+0300][gc,init] Pre-touch: Disabled
[2024-08-05T17:24:16.691+0300][gc,init] Parallel Workers: 10
[2024-08-05T17:24:16.691+0300][gc,init] Concurrent Workers: 3
[2024-08-05T17:24:16.691+0300][gc,init] Concurrent Refinement Workers: 10
[2024-08-05T17:24:16.691+0300][gc,init] Periodic GC: Disabled
[2024-08-05T17:24:16.701+0300][gc,metaspace] CDS archive(s) mapped at: [0x000001f42f000000-0x000001f42fc60000-0x000001f42fc60000), size 12976128, SharedBaseAddress: 0x000001f42f000000, ArchiveRelocationMode: 1.
[2024-08-05T17:24:16.701+0300][gc,metaspace] Compressed class space mapped at: 0x000001f430000000-0x000001f470000000, reserved size: 1073741824
[2024-08-05T17:24:16.701+0300][gc,metaspace] Narrow klass base: 0x000001f42f000000, Narrow klass shift: 0, Narrow klass range: 0x41000000
[2024-08-05T17:24:17.494+0300][gc,start    ] GC(0) Pause Young (Normal) (G1 Evacuation Pause)
[2024-08-05T17:24:17.495+0300][gc,task     ] GC(0) Using 10 workers of 10 for evacuation
[2024-08-05T17:24:17.501+0300][gc,phases   ] GC(0)   Pre Evacuate Collection Set: 0.23ms
[2024-08-05T17:24:17.501+0300][gc,phases   ] GC(0)   Merge Heap Roots: 0.09ms
[2024-08-05T17:24:17.501+0300][gc,phases   ] GC(0)   Evacuate Collection Set: 6.54ms
[2024-08-05T17:24:17.501+0300][gc,phases   ] GC(0)   Post Evacuate Collection Set: 0.75ms
[2024-08-05T17:24:17.501+0300][gc,phases   ] GC(0)   Other: 0.83ms
[2024-08-05T17:24:17.503+0300][gc,heap     ] GC(0) Eden regions: 25->0(21)
[2024-08-05T17:24:17.503+0300][gc,heap     ] GC(0) Survivor regions: 0->4(4)
[2024-08-05T17:24:17.503+0300][gc,heap     ] GC(0) Old regions: 0->5
[2024-08-05T17:24:17.503+0300][gc,heap     ] GC(0) Humongous regions: 0->0
[2024-08-05T17:24:17.503+0300][gc,metaspace] GC(0) Metaspace: 7778K(8000K)->7778K(8000K) NonClass: 6925K(7040K)->6925K(7040K) Class: 852K(960K)->852K(960K)
[2024-08-05T17:24:17.503+0300][gc          ] GC(0) Pause Young (Normal) (G1 Evacuation Pause) 25M->8M(512M) 9.157ms
[2024-08-05T17:24:17.503+0300][gc,cpu      ] GC(0) User=0.00s Sys=0.00s Real=0.01s
[2024-08-05T17:24:17.513+0300][gc,heap,exit] Heap
[2024-08-05T17:24:17.513+0300][gc,heap,exit]  garbage-first heap   total reserved 524288K, committed 524288K, used 10042K [0x00000000e0000000, 0x0000000100000000)
[2024-08-05T17:24:17.514+0300][gc,heap,exit]   region size 1024K, 5 young (5120K), 4 survivors (4096K)
[2024-08-05T17:24:17.514+0300][gc,heap,exit]  Metaspace       used 7791K, committed 8000K, reserved 1114112K
[2024-08-05T17:24:17.514+0300][gc,heap,exit]   class space    used 854K, committed 960K, reserved 1048576K
