[2024-08-05T17:29:49.982+0300][gc,init] CardTable entry size: 512
[2024-08-05T17:29:49.982+0300][gc     ] Using G1
[2024-08-05T17:29:49.991+0300][gc,init] Version: 22.0.1+8-16 (release)
[2024-08-05T17:29:49.991+0300][gc,init] CPUs: 12 total, 12 available
[2024-08-05T17:29:49.991+0300][gc,init] Memory: 16076M
[2024-08-05T17:29:49.991+0300][gc,init] Large Page Support: Disabled
[2024-08-05T17:29:49.991+0300][gc,init] NUMA Support: Disabled
[2024-08-05T17:29:49.991+0300][gc,init] Compressed Oops: Enabled (32-bit)
[2024-08-05T17:29:49.991+0300][gc,init] Heap Region Size: 1M
[2024-08-05T17:29:49.991+0300][gc,init] Heap Min Capacity: 512M
[2024-08-05T17:29:49.993+0300][gc,init] Heap Initial Capacity: 512M
[2024-08-05T17:29:49.993+0300][gc,init] Heap Max Capacity: 512M
[2024-08-05T17:29:49.993+0300][gc,init] Pre-touch: Disabled
[2024-08-05T17:29:49.993+0300][gc,init] Parallel Workers: 10
[2024-08-05T17:29:49.993+0300][gc,init] Concurrent Workers: 3
[2024-08-05T17:29:49.993+0300][gc,init] Concurrent Refinement Workers: 10
[2024-08-05T17:29:49.993+0300][gc,init] Periodic GC: Disabled
[2024-08-05T17:29:50.011+0300][gc,metaspace] CDS archive(s) mapped at: [0x00000207b3000000-0x00000207b3c60000-0x00000207b3c60000), size 12976128, SharedBaseAddress: 0x00000207b3000000, ArchiveRelocationMode: 1.
[2024-08-05T17:29:50.011+0300][gc,metaspace] Compressed class space mapped at: 0x00000207b4000000-0x00000207f4000000, reserved size: 1073741824
[2024-08-05T17:29:50.011+0300][gc,metaspace] Narrow klass base: 0x00000207b3000000, Narrow klass shift: 0, Narrow klass range: 0x41000000
[2024-08-05T17:29:52.227+0300][gc,start    ] GC(0) Pause Young (Normal) (G1 Evacuation Pause)
[2024-08-05T17:29:52.230+0300][gc,task     ] GC(0) Using 10 workers of 10 for evacuation
[2024-08-05T17:29:52.240+0300][gc,phases   ] GC(0)   Pre Evacuate Collection Set: 0.15ms
[2024-08-05T17:29:52.240+0300][gc,phases   ] GC(0)   Merge Heap Roots: 0.11ms
[2024-08-05T17:29:52.240+0300][gc,phases   ] GC(0)   Evacuate Collection Set: 6.71ms
[2024-08-05T17:29:52.240+0300][gc,phases   ] GC(0)   Post Evacuate Collection Set: 2.12ms
[2024-08-05T17:29:52.240+0300][gc,phases   ] GC(0)   Other: 1.21ms
[2024-08-05T17:29:52.240+0300][gc,heap     ] GC(0) Eden regions: 25->0(21)
[2024-08-05T17:29:52.240+0300][gc,heap     ] GC(0) Survivor regions: 0->4(4)
[2024-08-05T17:29:52.240+0300][gc,heap     ] GC(0) Old regions: 0->5
[2024-08-05T17:29:52.240+0300][gc,heap     ] GC(0) Humongous regions: 0->0
[2024-08-05T17:29:52.241+0300][gc,metaspace] GC(0) Metaspace: 7821K(8064K)->7821K(8064K) NonClass: 6967K(7104K)->6967K(7104K) Class: 854K(960K)->854K(960K)
[2024-08-05T17:29:52.241+0300][gc          ] GC(0) Pause Young (Normal) (G1 Evacuation Pause) 25M->8M(512M) 12.795ms
[2024-08-05T17:29:52.241+0300][gc,cpu      ] GC(0) User=0.03s Sys=0.00s Real=0.01s
[2024-08-05T17:29:52.242+0300][gc,heap,exit] Heap
[2024-08-05T17:29:52.242+0300][gc,heap,exit]  garbage-first heap   total reserved 524288K, committed 524288K, used 9781K [0x00000000e0000000, 0x0000000100000000)
[2024-08-05T17:29:52.242+0300][gc,heap,exit]   region size 1024K, 5 young (5120K), 4 survivors (4096K)
[2024-08-05T17:29:52.242+0300][gc,heap,exit]  Metaspace       used 7823K, committed 8064K, reserved 1114112K
[2024-08-05T17:29:52.242+0300][gc,heap,exit]   class space    used 854K, committed 960K, reserved 1048576K
